// Jest Snapshot v1, https://goo.gl/fbAQLP

exports[`should render a list of goals 1`] = `
<div
  class="GoalsList"
>
  <h4>
    Upcoming
  </h4>
  <div
    class="GoalsList__cards"
  >
    <div
      class="ant-spin-nested-loading"
    >
      <div
        class="ant-spin-container"
      >
        <a
          href="/goals/1"
        >
          <div
            class="GoalCard"
          >
            <div
              class="GoalCard__header"
            >
              <h3
                class="GoalCard__title"
              >
                title
              </h3>
            </div>
          </div>
        </a>
        <a
          href="/goals/2"
        >
          <div
            class="GoalCard"
          >
            <div
              class="GoalCard__header"
            >
              <h3
                class="GoalCard__title"
              >
                title
              </h3>
            </div>
          </div>
        </a>
        <a
          href="/goals/3"
        >
          <div
            class="GoalCard"
          >
            <div
              class="GoalCard__header"
            >
              <h3
                class="GoalCard__title"
              >
                title
              </h3>
            </div>
          </div>
        </a>
        <a
          href="/goals/4"
        >
          <div
            class="GoalCard"
          >
            <div
              class="GoalCard__header"
            >
              <h3
                class="GoalCard__title"
              >
                title
              </h3>
            </div>
          </div>
        </a>
        <a
          href="/goals/5"
        >
          <div
            class="GoalCard"
          >
            <div
              class="GoalCard__header"
            >
              <h3
                class="GoalCard__title"
              >
                title
              </h3>
              <span
                class="ant-tag ant-tag-has-color"
                style="background-color: rgb(193, 196, 192);"
              >
                2020-05-24
              </span>
            </div>
          </div>
        </a>
      </div>
    </div>
  </div>
</div>
`;
