// Jest Snapshot v1, https://goo.gl/fbAQLP

exports[`should render basic component 1`] = `
<div
  class="GoalCard"
>
  <div
    class="GoalCard__header"
  >
    <h3
      class="GoalCard__title"
    >
      Title
    </h3>
    <span
      class="ant-tag ant-tag-has-color"
      style="background-color: rgb(135, 208, 104);"
    >
      2020-04-13
    </span>
  </div>
  <div>
    <div
      class="GoalCard__progress-top"
    >
      <span>
        0
      </span>
      <span
        class="GoalCard__progress-top-slash"
      >
        /
      </span>
      <span>
        10
      </span>
    </div>
    <div
      class="GoalCard__progress-bottom"
    >
      <div
        class="ant-progress ant-progress-line ant-progress-status-normal ant-progress-show-info ant-progress-default"
      >
        <div
          class="ant-progress-outer"
        >
          <div
            class="ant-progress-inner"
          >
            <div
              class="ant-progress-bg"
              style="width: 60%; height: 8px;"
            />
            <div
              class="ant-progress-success-bg"
              style="width: 30%; height: 8px;"
            />
          </div>
        </div>
        <span
          class="ant-progress-text"
          title="60%"
        >
          60%
        </span>
      </div>
    </div>
  </div>
</div>
`;
