// Jest Snapshot v1, https://goo.gl/fbAQLP

exports[`should render basic component 1`] = `
<nav
  class="Navigation"
>
  <ul>
    <li
      class="Navigation__item"
    >
      <a
        href="/signup"
      >
        <button
          class="ant-btn ant-btn-background-ghost"
          type="button"
        >
          <span>
            Sign Up
          </span>
        </button>
      </a>
    </li>
    <li
      class="Navigation__item"
    >
      <a
        href="/login"
      >
        Login
      </a>
    </li>
  </ul>
</nav>
`;
